// Jest Snapshot v1, https://goo.gl/fbAQLP

exports[`Loader snapshot renders 1`] = `
<div
  className="Loader-art2jo-0 hqsEcO"
/>
`;
